[92mconda_prefix: /home/family/anaconda3[0m
模型已成功加载！设备: cuda:0
Expression (((-1.299998772715473 + x_0) + (0.0076912272845269655 + (0.030080950072784392 * x_1))) * (((0.00506647405903181 * x_1) * (0.6539915080420596 + (0.004689986981033973 * 1/((5.849999999725547 + (57.90000000002878 * x_1)))))) + (-0.0006741718341026697 + (-7.219426531454558e-05 * sqrt((67.30000000061345 + (-0.04619999970189171 * abs((0.5009999999716599 + (-0.0013600003131644456 * 1/((0.00482999989596993 + (-0.790000000000097 * x_0))))))))))))) has forbidden control characters.
problem with tree (((-1.299998772715473 + x_0) + (0.0076912272845269655 + (0.030080950072784392 * x_1))) * (((0.00506647405903181 * x_1) * (0.6539915080420596 + (0.004689986981033973 * 1/((5.849999999725547 + (57.90000000002878 * x_1)))))) + (-0.0006741718341026697 + (-7.219426531454558e-05 * sqrt((67.30000000061345 + (-0.04619999970189171 * abs((0.5009999999716599 + (-0.0013600003131644456 * 1/((0.00482999989596993 + (-0.790000000000097 * x_0)))))))))))))
模型已成功加载！设备: cuda:0
模型已成功加载！设备: cuda:0
模型已成功加载！设备: cuda:0
模型已成功加载！设备: cuda:0
模型已成功加载！设备: cuda:0
模型已成功加载！设备: cuda:0
模型已成功加载！设备: cuda:0
{
  "result_path": "/tmp/e2esr_mse_policy_20260921/benchmark45/runs/e2esr/CRK0/result.json",
  "status": "ok",
  "seconds": 60.745,
  "selection_policy": "e2esr_training_mse_v1",
  "training_mse": 3.705150042991442e-08,
  "equation": "(0.00336514293436115 - 0.0027605992129169353*sin(0.10568621828483376*x_0 - 2.8173383993615488))*(118.4724595819141 - 100.9992855791806*x_1)",
  "id_test": {
    "rmse": 0.00020207763980266915,
    "r2": 0.9997223776166686,
    "nmse": 0.0002511142183887581,
    "acc_0_1": 1.0
  },
  "ood_test": {
    "rmse": 0.00020360086442710763,
    "r2": -0.35312815041767154,
    "nmse": 0.356382031985109,
    "acc_0_1": 1.0
  },
  "recovered_from_timeout": false
}
