{
  "output": "/tmp/e2esr_multidataset_fixed_20260921/BPG3",
  "execution": {
    "returncode": 0,
    "hard_timeout": false,
    "hard_limit_seconds": 180.0,
    "wall_seconds": 102.77066980599193
  },
  "metrics": {
    "train": {
      "native": {
        "finite": true,
        "mse": 3.4993800186087205e-10,
        "nmse_mean_y_squared": 5.589305603798642e-08,
        "r2": 0.9999999408247792
      },
      "exported": {
        "finite": true,
        "mse": 3.499380018608317e-10,
        "nmse_mean_y_squared": 5.589305603797997e-08,
        "r2": 0.9999999408247792
      },
      "export_max_abs_delta": 3.3306690738754696e-16,
      "export_matches_native": true,
      "snapshot": {
        "finite": true,
        "mse": 3.499380018608317e-10,
        "nmse_mean_y_squared": 5.589305603797997e-08,
        "r2": 0.9999999408247792
      },
      "snapshot_matches_native": true
    },
    "id": {
      "native": {
        "finite": true,
        "mse": 3.797157183912301e-10,
        "nmse_mean_y_squared": 6.773339057194189e-08,
        "r2": 0.9999999281756425
      },
      "exported": {
        "finite": true,
        "mse": 3.7971571839121965e-10,
        "nmse_mean_y_squared": 6.773339057194003e-08,
        "r2": 0.9999999281756425
      },
      "export_max_abs_delta": 3.3306690738754696e-16,
      "export_matches_native": true,
      "snapshot": {
        "finite": true,
        "mse": 3.7971571839121965e-10,
        "nmse_mean_y_squared": 6.773339057194003e-08,
        "r2": 0.9999999281756425
      },
      "snapshot_matches_native": true
    },
    "ood": {
      "native": {
        "finite": true,
        "mse": 4.5537505006038366e-11,
        "nmse_mean_y_squared": 229.53842457902365,
        "r2": -262.4591374300961
      },
      "exported": {
        "finite": true,
        "mse": 4.55375050059506e-11,
        "nmse_mean_y_squared": 229.53842457858127,
        "r2": -262.4591374295884
      },
      "export_max_abs_delta": 2.962074216548288e-17,
      "export_matches_native": true,
      "snapshot": {
        "finite": true,
        "mse": 4.55375050059506e-11,
        "nmse_mean_y_squared": 229.53842457858127,
        "r2": -262.4591374295884
      },
      "snapshot_matches_native": true
    }
  },
  "worker_status": "ok",
  "snapshots": 45,
  "validation": {
    "ok": true,
    "issues": [],
    "exit_code": 0
  }
}
