ALREADY_GONE_OR_UNREACHABLE	iaaccn27	neurips_rebuttal_new3_1h_fepysr_s520_clean_g0037	fepysr_s520_clean_g0037	iaaccn25
STOPPED	iaaccn25	neurips_rebuttal_new3_1h_fepysr_s520_clean_g0039	fepysr_s520_clean_g0039	iaaccn27
STOPPED	iaaccn27	neurips_rebuttal_new3_1h_fepysr_s520_clean_g0040	fepysr_s520_clean_g0040	iaaccn25
STOPPED	iaaccn27	neurips_rebuttal_new3_1h_fepysr_s520_clean_g0041	fepysr_s520_clean_g0041	iaaccn29
STOPPED	iaaccn25	neurips_rebuttal_new3_1h_fepysr_s520_clean_g0042	fepysr_s520_clean_g0042	iaaccn23
STOPPED	iaaccn23	neurips_rebuttal_new3_1h_fepysr_s520_clean_g0043	fepysr_s520_clean_g0043	iaaccn27
STOPPED	iaaccn24	neurips_rebuttal_new3_1h_fepysr_s520_clean_g0044	fepysr_s520_clean_g0044	iaaccn22
STOPPED	iaaccn27	neurips_rebuttal_new3_1h_fepysr_s520_clean_g0046	fepysr_s520_clean_g0046	iaaccn25
STOPPED	iaaccn28	neurips_rebuttal_new3_1h_fepysr_s520_clean_g0048	fepysr_s520_clean_g0048	iaaccn22
STOPPED	iaaccn29	neurips_rebuttal_new3_1h_fepysr_s520_clean_g0050	fepysr_s520_clean_g0050	iaaccn22
STOPPED	iaaccn26	neurips_rebuttal_new3_1h_fepysr_s520_clean_g0051	fepysr_s520_clean_g0051	iaaccn24
STOPPED	iaaccn22	neurips_rebuttal_new3_1h_fepysr_s520_clean_g0052	fepysr_s520_clean_g0052	iaaccn23
STOPPED	iaaccn23	neurips_rebuttal_new3_1h_fepysr_s520_clean_g0053	fepysr_s520_clean_g0053	iaaccn26
STOPPED	iaaccn29	neurips_rebuttal_new3_1h_fepysr_s520_clean_g0056	fepysr_s520_clean_g0056	iaaccn27
STOPPED	iaaccn28	neurips_rebuttal_new3_1h_fepysr_s520_clean_g0057	fepysr_s520_clean_g0057	iaaccn22
STOPPED	iaaccn25	neurips_rebuttal_new3_1h_fepysr_s520_clean_g0058	fepysr_s520_clean_g0058	iaaccn28
STOPPED	iaaccn22	neurips_rebuttal_new3_1h_fepysr_s520_clean_g0059	fepysr_s520_clean_g0059	iaaccn25
ALREADY_GONE_OR_UNREACHABLE	iaaccn29	neurips_rebuttal_new3_1h_jaxsr_s520_clean_g0036	jaxsr_s520_clean_g0036	iaaccn23
ALREADY_GONE_OR_UNREACHABLE	iaaccn27	neurips_rebuttal_new3_1h_jaxsr_s520_clean_g0037	jaxsr_s520_clean_g0037	iaaccn25
STOPPED	iaaccn24	neurips_rebuttal_new3_1h_jaxsr_s520_clean_g0038	jaxsr_s520_clean_g0038	iaaccn25
STOPPED	iaaccn25	neurips_rebuttal_new3_1h_jaxsr_s520_clean_g0039	jaxsr_s520_clean_g0039	iaaccn27
STOPPED	iaaccn27	neurips_rebuttal_new3_1h_jaxsr_s520_clean_g0041	jaxsr_s520_clean_g0041	iaaccn29
STOPPED	iaaccn25	neurips_rebuttal_new3_1h_jaxsr_s520_clean_g0042	jaxsr_s520_clean_g0042	iaaccn24
STOPPED	iaaccn23	neurips_rebuttal_new3_1h_jaxsr_s520_clean_g0043	jaxsr_s520_clean_g0043	iaaccn27
STOPPED	iaaccn22	neurips_rebuttal_new3_1h_jaxsr_s520_clean_g0044	jaxsr_s520_clean_g0044	iaaccn28
STOPPED	iaaccn25	neurips_rebuttal_new3_1h_jaxsr_s520_clean_g0048	jaxsr_s520_clean_g0048	iaaccn22
STOPPED	iaaccn22	neurips_rebuttal_new3_1h_jaxsr_s520_clean_g0049	jaxsr_s520_clean_g0049	iaaccn26
STOPPED	iaaccn27	neurips_rebuttal_new3_1h_jaxsr_s520_clean_g0050	jaxsr_s520_clean_g0050	iaaccn22
STOPPED	iaaccn26	neurips_rebuttal_new3_1h_jaxsr_s520_clean_g0051	jaxsr_s520_clean_g0051	iaaccn23
STOPPED	iaaccn24	neurips_rebuttal_new3_1h_jaxsr_s520_clean_g0052	jaxsr_s520_clean_g0052	iaaccn23
STOPPED	iaaccn26	neurips_rebuttal_new3_1h_jaxsr_s520_clean_g0054	jaxsr_s520_clean_g0054	iaaccn29
STOPPED	iaaccn22	neurips_rebuttal_new3_1h_jaxsr_s520_clean_g0055	jaxsr_s520_clean_g0055	iaaccn28
STOPPED	iaaccn23	neurips_rebuttal_new3_1h_jaxsr_s520_clean_g0056	jaxsr_s520_clean_g0056	iaaccn27
STOPPED	iaaccn28	neurips_rebuttal_new3_1h_jaxsr_s520_clean_g0057	jaxsr_s520_clean_g0057	iaaccn26
STOPPED	iaaccn27	neurips_rebuttal_new3_1h_jaxsr_s520_clean_g0058	jaxsr_s520_clean_g0058	iaaccn28
STOPPED	iaaccn22	neurips_rebuttal_new3_1h_jaxsr_s520_clean_g0059	jaxsr_s520_clean_g0059	iaaccn24
ALREADY_GONE_OR_UNREACHABLE	iaaccn29	neurips_rebuttal_new3_1h_symbolfit_s520_clean_g0036	symbolfit_s520_clean_g0036	iaaccn23
ALREADY_GONE_OR_UNREACHABLE	iaaccn24	neurips_rebuttal_new3_1h_symbolfit_s520_clean_g0038	symbolfit_s520_clean_g0038	iaaccn25
STOPPED	iaaccn27	neurips_rebuttal_new3_1h_symbolfit_s520_clean_g0039	symbolfit_s520_clean_g0039	iaaccn25
STOPPED	iaaccn25	neurips_rebuttal_new3_1h_symbolfit_s520_clean_g0041	symbolfit_s520_clean_g0041	iaaccn23
STOPPED	iaaccn25	neurips_rebuttal_new3_1h_symbolfit_s520_clean_g0042	symbolfit_s520_clean_g0042	iaaccn24
STOPPED	iaaccn24	neurips_rebuttal_new3_1h_symbolfit_s520_clean_g0043	symbolfit_s520_clean_g0043	iaaccn22
STOPPED	iaaccn22	neurips_rebuttal_new3_1h_symbolfit_s520_clean_g0044	symbolfit_s520_clean_g0044	iaaccn28
STOPPED	iaaccn27	neurips_rebuttal_new3_1h_symbolfit_s520_clean_g0045	symbolfit_s520_clean_g0045	iaaccn25
STOPPED	iaaccn28	neurips_rebuttal_new3_1h_symbolfit_s520_clean_g0047	symbolfit_s520_clean_g0047	iaaccn22
STOPPED	iaaccn25	neurips_rebuttal_new3_1h_symbolfit_s520_clean_g0048	symbolfit_s520_clean_g0048	iaaccn22
STOPPED	iaaccn29	neurips_rebuttal_new3_1h_symbolfit_s520_clean_g0049	symbolfit_s520_clean_g0049	iaaccn26
STOPPED	iaaccn27	neurips_rebuttal_new3_1h_symbolfit_s520_clean_g0050	symbolfit_s520_clean_g0050	iaaccn24
STOPPED	iaaccn22	neurips_rebuttal_new3_1h_symbolfit_s520_clean_g0051	symbolfit_s520_clean_g0051	iaaccn23
STOPPED	iaaccn24	neurips_rebuttal_new3_1h_symbolfit_s520_clean_g0052	symbolfit_s520_clean_g0052	iaaccn26
STOPPED	iaaccn29	neurips_rebuttal_new3_1h_symbolfit_s520_clean_g0053	symbolfit_s520_clean_g0053	iaaccn23
STOPPED	iaaccn26	neurips_rebuttal_new3_1h_symbolfit_s520_clean_g0054	symbolfit_s520_clean_g0054	iaaccn22
STOPPED	iaaccn29	neurips_rebuttal_new3_1h_symbolfit_s520_clean_g0055	symbolfit_s520_clean_g0055	iaaccn28
STOPPED	iaaccn23	neurips_rebuttal_new3_1h_symbolfit_s520_clean_g0056	symbolfit_s520_clean_g0056	iaaccn22
STOPPED	iaaccn25	neurips_rebuttal_new3_1h_symbolfit_s520_clean_g0057	symbolfit_s520_clean_g0057	iaaccn26
STOPPED	iaaccn27	neurips_rebuttal_new3_1h_symbolfit_s520_clean_g0058	symbolfit_s520_clean_g0058	iaaccn25
