{
  "output": "/tmp/e2esr_multidataset_20260921/feynman_I_9_18",
  "execution": {
    "returncode": 0,
    "hard_timeout": false,
    "hard_limit_seconds": 180.0,
    "wall_seconds": 93.25381491397275
  },
  "metrics": {
    "train": {
      "native": {
        "finite": true,
        "mse": 6.305014770078479e-05,
        "nmse_mean_y_squared": 0.0006541133052826251,
        "r2": 0.9958406877381657
      },
      "exported": {
        "finite": true,
        "mse": 6.305014770078464e-05,
        "nmse_mean_y_squared": 0.0006541133052826236,
        "r2": 0.9958406877381657
      },
      "export_max_abs_delta": 1.5543122344752192e-15,
      "export_matches_native": true,
      "snapshot": {
        "finite": true,
        "mse": 6.305014770078464e-05,
        "nmse_mean_y_squared": 0.0006541133052826236,
        "r2": 0.9958406877381657
      },
      "snapshot_matches_native": true
    },
    "id": {
      "native": {
        "finite": true,
        "mse": 6.184451524492282e-05,
        "nmse_mean_y_squared": 0.0006282503244877112,
        "r2": 0.9960431026744071
      },
      "exported": {
        "finite": true,
        "mse": 6.184451524492268e-05,
        "nmse_mean_y_squared": 0.0006282503244877099,
        "r2": 0.9960431026744071
      },
      "export_max_abs_delta": 1.5543122344752192e-15,
      "export_matches_native": true,
      "snapshot": {
        "finite": true,
        "mse": 6.184451524492268e-05,
        "nmse_mean_y_squared": 0.0006282503244877099,
        "r2": 0.9960431026744071
      },
      "snapshot_matches_native": true
    },
    "ood": {
      "native": {
        "finite": true,
        "mse": 0.004146170914726628,
        "nmse_mean_y_squared": 0.02582690911559169,
        "r2": 0.9429381253388931
      },
      "exported": {
        "finite": true,
        "mse": 0.004146170914726669,
        "nmse_mean_y_squared": 0.025826909115591944,
        "r2": 0.9429381253388925
      },
      "export_max_abs_delta": 1.4210854715202004e-14,
      "export_matches_native": true,
      "snapshot": {
        "finite": true,
        "mse": 0.004146170914726669,
        "nmse_mean_y_squared": 0.025826909115591944,
        "r2": 0.9429381253388925
      },
      "snapshot_matches_native": true
    }
  },
  "worker_status": "ok",
  "snapshots": 21,
  "validation": {
    "ok": true,
    "issues": [],
    "exit_code": 0
  }
}
