{
  "output": "/tmp/e2esr_multidataset_20260921/feynman_I_6_2b",
  "execution": {
    "returncode": 0,
    "hard_timeout": false,
    "hard_limit_seconds": 180.0,
    "wall_seconds": 100.62145778298145
  },
  "metrics": {
    "train": {
      "native": {
        "finite": true,
        "mse": 3.513792821878261e-05,
        "nmse_mean_y_squared": 0.0008442997130203714,
        "r2": 0.9902789991607396
      },
      "exported": {
        "finite": true,
        "mse": 3.513792821878261e-05,
        "nmse_mean_y_squared": 0.0008442997130203714,
        "r2": 0.9902789991607396
      },
      "export_max_abs_delta": 2.220446049250313e-16,
      "export_matches_native": true,
      "snapshot": {
        "finite": true,
        "mse": 3.513792821878261e-05,
        "nmse_mean_y_squared": 0.0008442997130203714,
        "r2": 0.9902789991607396
      },
      "snapshot_matches_native": true
    },
    "id": {
      "native": {
        "finite": true,
        "mse": 3.546104556342161e-05,
        "nmse_mean_y_squared": 0.0008478393907430572,
        "r2": 0.9902543906340017
      },
      "exported": {
        "finite": true,
        "mse": 3.546104556342161e-05,
        "nmse_mean_y_squared": 0.0008478393907430572,
        "r2": 0.9902543906340017
      },
      "export_max_abs_delta": 1.6653345369377348e-16,
      "export_matches_native": true,
      "snapshot": {
        "finite": true,
        "mse": 3.546104556342161e-05,
        "nmse_mean_y_squared": 0.0008478393907430572,
        "r2": 0.9902543906340017
      },
      "snapshot_matches_native": true
    },
    "ood": {
      "native": {
        "finite": true,
        "mse": 0.0011629799846557885,
        "nmse_mean_y_squared": 0.022530488859469455,
        "r2": 0.946476594667262
      },
      "exported": {
        "finite": true,
        "mse": 0.0011629799846557894,
        "nmse_mean_y_squared": 0.02253048885946947,
        "r2": 0.946476594667262
      },
      "export_max_abs_delta": 1.6653345369377348e-16,
      "export_matches_native": true,
      "snapshot": {
        "finite": true,
        "mse": 0.0011629799846557894,
        "nmse_mean_y_squared": 0.02253048885946947,
        "r2": 0.946476594667262
      },
      "snapshot_matches_native": true
    }
  },
  "worker_status": "ok",
  "snapshots": 32,
  "validation": {
    "ok": true,
    "issues": [],
    "exit_code": 0
  }
}
