<lambdifygenerated-14>:2: RuntimeWarning: overflow encountered in exp
  return (0.3037442948799369 - 5.9755009514810741*x0)*(40.80489781224961 + 150.93688607645183/((0.3294600361265696 - 9.4837813972875315*(x1 - 0.057685349647390597)**2)*(12.664108445291253 - 2.875443022032136e-42*exp(8.4616968323745034*x0 + (3.1717393501311501*x2 - 11.92283708351565)*(62.396009287192218*x2 + cos(16.771253026458142*x2 - 39.493443151480451) - 147.14947747290261)))))
{
  "output": "/tmp/e2esr_multidataset_20260921/Keijzer-5",
  "execution": {
    "returncode": 0,
    "hard_timeout": false,
    "hard_limit_seconds": 180.0,
    "wall_seconds": 90.89109045104124
  },
  "metrics": {
    "train": {
      "native": {
        "finite": true,
        "mse": 226852.25535671358,
        "nmse_mean_y_squared": 0.3031163493159667,
        "r2": 0.696844827010614
      },
      "exported": {
        "finite": true,
        "mse": 226852.25535671337,
        "nmse_mean_y_squared": 0.3031163493159664,
        "r2": 0.6968448270106142
      },
      "export_max_abs_delta": 4.536559572443366e-09,
      "export_matches_native": true,
      "snapshot": {
        "finite": true,
        "mse": 226852.25535671337,
        "nmse_mean_y_squared": 0.3031163493159664,
        "r2": 0.6968448270106142
      },
      "snapshot_matches_native": true
    },
    "id": {
      "native": {
        "finite": true,
        "mse": 168806632195.6987,
        "nmse_mean_y_squared": 77419.57819247755,
        "r2": -77425.27282006865
      },
      "exported": {
        "finite": true,
        "mse": 168806632195.5995,
        "nmse_mean_y_squared": 77419.57819243205,
        "r2": -77425.27282002314
      },
      "export_max_abs_delta": 1.2122094631195068e-05,
      "export_matches_native": true,
      "snapshot": {
        "finite": true,
        "mse": 168806632195.5995,
        "nmse_mean_y_squared": 77419.57819243205,
        "r2": -77425.27282002314
      },
      "snapshot_matches_native": true
    },
    "ood": {
      "native": {
        "finite": true,
        "mse": 8657620.304197865,
        "nmse_mean_y_squared": 1.2850140418335478,
        "r2": -0.2857372385345991
      },
      "exported": {
        "finite": true,
        "mse": 8657620.304197978,
        "nmse_mean_y_squared": 1.2850140418335647,
        "r2": -0.28573723853461597
      },
      "export_max_abs_delta": 8.36735125631094e-10,
      "export_matches_native": true,
      "snapshot": {
        "finite": true,
        "mse": 8657620.304197978,
        "nmse_mean_y_squared": 1.2850140418335647,
        "r2": -0.28573723853461597
      },
      "snapshot_matches_native": true
    }
  },
  "worker_status": "ok",
  "snapshots": 34,
  "validation": {
    "ok": true,
    "issues": [],
    "exit_code": 0
  }
}
