{
  "output": "/tmp/e2esr_multidataset_20260921/Korns-1",
  "execution": {
    "returncode": 0,
    "hard_timeout": false,
    "hard_limit_seconds": 180.0,
    "wall_seconds": 112.54528500704328
  },
  "metrics": {
    "train": {
      "native": {
        "finite": true,
        "mse": 0.05035758624533717,
        "nmse_mean_y_squared": 1.04810892195627e-07,
        "r2": 0.9999998951290596
      },
      "exported": {
        "finite": true,
        "mse": 0.0503575862454017,
        "nmse_mean_y_squared": 1.0481089219576131e-07,
        "r2": 0.9999998951290596
      },
      "export_max_abs_delta": 5.684341886080801e-13,
      "export_matches_native": true,
      "snapshot": {
        "finite": true,
        "mse": 0.0503575862454017,
        "nmse_mean_y_squared": 1.0481089219576131e-07,
        "r2": 0.9999998951290596
      },
      "snapshot_matches_native": true
    },
    "id": {
      "native": {
        "finite": true,
        "mse": 0.04979675760254195,
        "nmse_mean_y_squared": 1.022741623090642e-07,
        "r2": 0.9999998968927722
      },
      "exported": {
        "finite": true,
        "mse": 0.04979675760261086,
        "nmse_mean_y_squared": 1.0227416230920572e-07,
        "r2": 0.9999998968927722
      },
      "export_max_abs_delta": 6.821210263296962e-13,
      "export_matches_native": true,
      "snapshot": {
        "finite": true,
        "mse": 0.04979675760261086,
        "nmse_mean_y_squared": 1.0227416230920572e-07,
        "r2": 0.9999998968927722
      },
      "snapshot_matches_native": true
    },
    "ood": {
      "native": {
        "finite": true,
        "mse": 0.0759623024906812,
        "nmse_mean_y_squared": 1.0450823905069912e-07,
        "r2": 0.9999998954914397
      },
      "exported": {
        "finite": true,
        "mse": 0.07596230249077843,
        "nmse_mean_y_squared": 1.0450823905083289e-07,
        "r2": 0.9999998954914397
      },
      "export_max_abs_delta": 6.821210263296962e-13,
      "export_matches_native": true,
      "snapshot": {
        "finite": true,
        "mse": 0.07596230249077843,
        "nmse_mean_y_squared": 1.0450823905083289e-07,
        "r2": 0.9999998954914397
      },
      "snapshot_matches_native": true
    }
  },
  "worker_status": "ok",
  "snapshots": 43,
  "validation": {
    "ok": true,
    "issues": [],
    "exit_code": 0
  }
}
