{
  "output": "/tmp/e2esr_multidataset_20260921/Nguyen-12",
  "execution": {
    "returncode": 0,
    "hard_timeout": false,
    "hard_limit_seconds": 180.0,
    "wall_seconds": 104.56786792405182
  },
  "metrics": {
    "train": {
      "native": {
        "finite": true,
        "mse": 3.366435989576858e-07,
        "nmse_mean_y_squared": 2.7419133671399818e-06,
        "r2": 0.9999888273697138
      },
      "exported": {
        "finite": true,
        "mse": 3.3664359895768685e-07,
        "nmse_mean_y_squared": 2.7419133671399907e-06,
        "r2": 0.9999888273697138
      },
      "export_max_abs_delta": 9.159339953157541e-16,
      "export_matches_native": true,
      "snapshot": {
        "finite": true,
        "mse": 3.3664359895768685e-07,
        "nmse_mean_y_squared": 2.7419133671399907e-06,
        "r2": 0.9999888273697138
      },
      "snapshot_matches_native": true
    },
    "id": {
      "native": {
        "finite": true,
        "mse": 6.308919082223625e-07,
        "nmse_mean_y_squared": 5.87790450219494e-06,
        "r2": 0.9986983697909174
      },
      "exported": {
        "finite": true,
        "mse": 6.308919082224253e-07,
        "nmse_mean_y_squared": 5.877904502195525e-06,
        "r2": 0.9986983697909172
      },
      "export_max_abs_delta": 1.1102230246251565e-16,
      "export_matches_native": true,
      "snapshot": {
        "finite": true,
        "mse": 6.308919082224253e-07,
        "nmse_mean_y_squared": 5.877904502195525e-06,
        "r2": 0.9986983697909172
      },
      "snapshot_matches_native": true
    },
    "ood": {
      "native": {
        "finite": true,
        "mse": 0.0003832023134009387,
        "nmse_mean_y_squared": 0.001988821224739928,
        "r2": 0.9880530103283944
      },
      "exported": {
        "finite": true,
        "mse": 0.0003832023134009354,
        "nmse_mean_y_squared": 0.0019888212247399107,
        "r2": 0.9880530103283945
      },
      "export_max_abs_delta": 1.3322676295501878e-15,
      "export_matches_native": true,
      "snapshot": {
        "finite": true,
        "mse": 0.0003832023134009354,
        "nmse_mean_y_squared": 0.0019888212247399107,
        "r2": 0.9880530103283945
      },
      "snapshot_matches_native": true
    }
  },
  "worker_status": "ok",
  "snapshots": 67,
  "validation": {
    "ok": true,
    "issues": [],
    "exit_code": 0
  }
}
