{
  "output": "/tmp/e2esr_multidataset_20260921/Nguyen-7",
  "execution": {
    "returncode": 0,
    "hard_timeout": false,
    "hard_limit_seconds": 180.0,
    "wall_seconds": 108.17455701803556
  },
  "metrics": {
    "train": {
      "native": {
        "finite": true,
        "mse": 3.77298834237492e-08,
        "nmse_mean_y_squared": 1.700917328959551e-08,
        "r2": 0.9999999344291378
      },
      "exported": {
        "finite": true,
        "mse": 3.772988342372953e-08,
        "nmse_mean_y_squared": 1.700917328958664e-08,
        "r2": 0.9999999344291378
      },
      "export_max_abs_delta": 4.440892098500626e-16,
      "export_matches_native": true,
      "snapshot": {
        "finite": true,
        "mse": 3.772988342372953e-08,
        "nmse_mean_y_squared": 1.700917328958664e-08,
        "r2": 0.9999999344291378
      },
      "snapshot_matches_native": true
    },
    "id": {
      "native": {
        "finite": true,
        "mse": 1.4200812050526553e-05,
        "nmse_mean_y_squared": 2.5025353060862713e-06,
        "r2": 0.999883657967933
      },
      "exported": {
        "finite": true,
        "mse": 1.420081205052406e-05,
        "nmse_mean_y_squared": 2.5025353060858317e-06,
        "r2": 0.999883657967933
      },
      "export_max_abs_delta": 4.440892098500626e-16,
      "export_matches_native": true,
      "snapshot": {
        "finite": true,
        "mse": 1.420081205052406e-05,
        "nmse_mean_y_squared": 2.5025353060858317e-06,
        "r2": 0.999883657967933
      },
      "snapshot_matches_native": true
    },
    "ood": {
      "native": {
        "finite": true,
        "mse": 8.100440302076493e-05,
        "nmse_mean_y_squared": 1.0215515317988466e-05,
        "r2": 0.9815883540675224
      },
      "exported": {
        "finite": true,
        "mse": 8.100440302076764e-05,
        "nmse_mean_y_squared": 1.0215515317988806e-05,
        "r2": 0.9815883540675218
      },
      "export_max_abs_delta": 1.3322676295501878e-15,
      "export_matches_native": true,
      "snapshot": {
        "finite": true,
        "mse": 8.100440302076764e-05,
        "nmse_mean_y_squared": 1.0215515317988806e-05,
        "r2": 0.9815883540675218
      },
      "snapshot_matches_native": true
    }
  },
  "worker_status": "ok",
  "snapshots": 85,
  "validation": {
    "ok": true,
    "issues": [],
    "exit_code": 0
  }
}
