{
  "output": "/tmp/e2esr_multidataset_20260921/Nguyen-1",
  "execution": {
    "returncode": 0,
    "hard_timeout": false,
    "hard_limit_seconds": 180.0,
    "wall_seconds": 109.42560576199321
  },
  "metrics": {
    "train": {
      "native": {
        "finite": true,
        "mse": 1.2377850883528348e-17,
        "nmse_mean_y_squared": 1.7002649918869997e-17,
        "r2": 1.0
      },
      "exported": {
        "finite": true,
        "mse": 1.2377850952474054e-17,
        "nmse_mean_y_squared": 1.7002650013576234e-17,
        "r2": 1.0
      },
      "export_max_abs_delta": 4.440892098500626e-16,
      "export_matches_native": true,
      "snapshot": {
        "finite": true,
        "mse": 1.2377850952474054e-17,
        "nmse_mean_y_squared": 1.7002650013576234e-17,
        "r2": 1.0
      },
      "snapshot_matches_native": true
    },
    "id": {
      "native": {
        "finite": true,
        "mse": 6.233069437905456e-17,
        "nmse_mean_y_squared": 1.6231313947620126e-16,
        "r2": 0.9999999999999974
      },
      "exported": {
        "finite": true,
        "mse": 6.233069315041004e-17,
        "nmse_mean_y_squared": 1.6231313627673185e-16,
        "r2": 0.9999999999999974
      },
      "export_max_abs_delta": 1.1102230246251565e-16,
      "export_matches_native": true,
      "snapshot": {
        "finite": true,
        "mse": 6.233069315041004e-17,
        "nmse_mean_y_squared": 1.6231313627673185e-16,
        "r2": 0.9999999999999974
      },
      "snapshot_matches_native": true
    },
    "ood": {
      "native": {
        "finite": true,
        "mse": 4.620947942268849e-16,
        "nmse_mean_y_squared": 6.980436899827829e-17,
        "r2": 0.9999999999999999
      },
      "exported": {
        "finite": true,
        "mse": 4.620947853378533e-16,
        "nmse_mean_y_squared": 6.980436765549484e-17,
        "r2": 0.9999999999999999
      },
      "export_max_abs_delta": 2.220446049250313e-15,
      "export_matches_native": true,
      "snapshot": {
        "finite": true,
        "mse": 4.620947853378533e-16,
        "nmse_mean_y_squared": 6.980436765549484e-17,
        "r2": 0.9999999999999999
      },
      "snapshot_matches_native": true
    }
  },
  "worker_status": "ok",
  "snapshots": 90,
  "validation": {
    "ok": true,
    "issues": [],
    "exit_code": 0
  }
}
