{
  "output": "/tmp/e2esr_multidataset_20260921/Nguyen-5",
  "execution": {
    "returncode": 0,
    "hard_timeout": false,
    "hard_limit_seconds": 180.0,
    "wall_seconds": 114.68716576101724
  },
  "metrics": {
    "train": {
      "native": {
        "finite": true,
        "mse": 3.3312485929762457e-08,
        "nmse_mean_y_squared": 5.415581250293213e-08,
        "r2": 0.9999987954515512
      },
      "exported": {
        "finite": true,
        "mse": 3.3312485929937316e-08,
        "nmse_mean_y_squared": 5.4155812503216396e-08,
        "r2": 0.9999987954515512
      },
      "export_max_abs_delta": 3.1086244689504383e-15,
      "export_matches_native": true,
      "snapshot": {
        "finite": true,
        "mse": 3.3312485929937316e-08,
        "nmse_mean_y_squared": 5.4155812503216396e-08,
        "r2": 0.9999987954515512
      },
      "snapshot_matches_native": true
    },
    "id": {
      "native": {
        "finite": true,
        "mse": 2.04182895874162e-07,
        "nmse_mean_y_squared": 3.058468563590925e-07,
        "r2": 0.9999908581494662
      },
      "exported": {
        "finite": true,
        "mse": 2.0418289587568528e-07,
        "nmse_mean_y_squared": 3.0584685636137425e-07,
        "r2": 0.9999908581494662
      },
      "export_max_abs_delta": 2.7755575615628914e-15,
      "export_matches_native": true,
      "snapshot": {
        "finite": true,
        "mse": 2.0418289587568528e-07,
        "nmse_mean_y_squared": 3.0584685636137425e-07,
        "r2": 0.9999908581494662
      },
      "snapshot_matches_native": true
    },
    "ood": {
      "native": {
        "finite": true,
        "mse": 2.967573867906884e-06,
        "nmse_mean_y_squared": 9.577556915839921e-06,
        "r2": 0.9550650913703842
      },
      "exported": {
        "finite": true,
        "mse": 2.9675738679059504e-06,
        "nmse_mean_y_squared": 9.57755691583691e-06,
        "r2": 0.9550650913703983
      },
      "export_max_abs_delta": 1.9984014443252818e-15,
      "export_matches_native": true,
      "snapshot": {
        "finite": true,
        "mse": 2.9675738679059504e-06,
        "nmse_mean_y_squared": 9.57755691583691e-06,
        "r2": 0.9550650913703983
      },
      "snapshot_matches_native": true
    }
  },
  "worker_status": "ok",
  "snapshots": 84,
  "validation": {
    "ok": true,
    "issues": [],
    "exit_code": 0
  }
}
