{
  "output": "/tmp/e2esr_multidataset_20260921/Vladislavleva-4",
  "execution": {
    "returncode": 0,
    "hard_timeout": false,
    "hard_limit_seconds": 180.0,
    "wall_seconds": 88.7868134159944
  },
  "metrics": {
    "train": {
      "native": {
        "finite": true,
        "mse": 2.012748333351987e-05,
        "nmse_mean_y_squared": 6.045172852451255e-05,
        "r2": 0.9994555712759959
      },
      "exported": {
        "finite": true,
        "mse": 2.0127483333519908e-05,
        "nmse_mean_y_squared": 6.045172852451266e-05,
        "r2": 0.9994555712759959
      },
      "export_max_abs_delta": 4.440892098500626e-16,
      "export_matches_native": true,
      "snapshot": {
        "finite": true,
        "mse": 2.0127483333519908e-05,
        "nmse_mean_y_squared": 6.045172852451266e-05,
        "r2": 0.9994555712759959
      },
      "snapshot_matches_native": true
    },
    "id": {
      "native": {
        "finite": true,
        "mse": 2.2751741972981376e-05,
        "nmse_mean_y_squared": 6.940298794308282e-05,
        "r2": 0.9994930073432712
      },
      "exported": {
        "finite": true,
        "mse": 2.275174197298123e-05,
        "nmse_mean_y_squared": 6.940298794308239e-05,
        "r2": 0.9994930073432712
      },
      "export_max_abs_delta": 4.440892098500626e-16,
      "export_matches_native": true,
      "snapshot": {
        "finite": true,
        "mse": 2.275174197298123e-05,
        "nmse_mean_y_squared": 6.940298794308239e-05,
        "r2": 0.9994930073432712
      },
      "snapshot_matches_native": true
    },
    "ood": {
      "native": {
        "finite": true,
        "mse": 1.6141450127973496e-05,
        "nmse_mean_y_squared": 6.094517367241455e-05,
        "r2": 0.9995235813708477
      },
      "exported": {
        "finite": true,
        "mse": 1.6141450127973513e-05,
        "nmse_mean_y_squared": 6.094517367241461e-05,
        "r2": 0.9995235813708477
      },
      "export_max_abs_delta": 6.661338147750939e-16,
      "export_matches_native": true,
      "snapshot": {
        "finite": true,
        "mse": 1.6141450127973513e-05,
        "nmse_mean_y_squared": 6.094517367241461e-05,
        "r2": 0.9995235813708477
      },
      "snapshot_matches_native": true
    }
  },
  "worker_status": "ok",
  "snapshots": 16,
  "validation": {
    "ok": true,
    "issues": [],
    "exit_code": 0
  }
}
